// Jest Snapshot v1, https://goo.gl/fbAQLP

exports[`Snapshot 1`] = `
{
  "Outputs": {
    "applicationPipelineName": {
      "Value": {
        "Ref": "ApplicationPipeline4C988C4B",
      },
    },
  },
  "Parameters": {
    "BootstrapVersion": {
      "Default": "/cdk-bootstrap/hnb659fds/version",
      "Description": "Version of the CDK Bootstrap resources in this environment, automatically retrieved from SSM Parameter Store. [cdk:skip]",
      "Type": "AWS::SSM::Parameter::Value<String>",
    },
  },
  "Resources": {
    "ApplicationPipeline4C988C4B": {
      "DependsOn": [
        "ApplicationPipelineRoleDefaultPolicyCADAF9C3",
        "ApplicationPipelineRoleADFF393B",
      ],
      "Properties": {
        "ArtifactStore": {
          "EncryptionKey": {
            "Id": {
              "Fn::GetAtt": [
                "ApplicationPipelineArtifactsBucketEncryptionKeyD6D77834",
                "Arn",
              ],
            },
            "Type": "KMS",
          },
          "Location": {
            "Ref": "ApplicationPipelineArtifactsBucketD6B45A16",
          },
          "Type": "S3",
        },
        "Name": "ApplicationPipeline",
        "PipelineType": "V2",
        "RoleArn": {
          "Fn::GetAtt": [
            "ApplicationPipelineRoleADFF393B",
            "Arn",
          ],
        },
        "Stages": [
          {
            "Actions": [
              {
                "ActionTypeId": {
                  "Category": "Source",
                  "Owner": "AWS",
                  "Provider": "CodeStarSourceConnection",
                  "Version": "1",
                },
                "Configuration": {
                  "BranchName": "dev",
                  "ConnectionArn": "aws_codeconections_arn",
                  "DetectChanges": false,
                  "FullRepositoryId": "yutaro-sakamoto/aws-cobol-cicd-example",
                },
                "Name": "GitHubSource",
                "OutputArtifacts": [
                  {
                    "Name": "Artifact_Source_GitHubSource",
                  },
                ],
                "RoleArn": {
                  "Fn::GetAtt": [
                    "ApplicationPipelineSourceGitHubSourceCodePipelineActionRoleE89A168C",
                    "Arn",
                  ],
                },
                "RunOrder": 1,
              },
            ],
            "Name": "Source",
          },
          {
            "Actions": [
              {
                "ActionTypeId": {
                  "Category": "Build",
                  "Owner": "AWS",
                  "Provider": "CodeBuild",
                  "Version": "1",
                },
                "Configuration": {
                  "ProjectName": {
                    "Ref": "DockerBuildProject52E5CDF6",
                  },
                },
                "InputArtifacts": [
                  {
                    "Name": "Artifact_Source_GitHubSource",
                  },
                ],
                "Name": "DockerBuild",
                "OutputArtifacts": [
                  {
                    "Name": "Artifact_Build_DockerBuild",
                  },
                ],
                "RoleArn": {
                  "Fn::GetAtt": [
                    "ApplicationPipelineBuildDockerBuildCodePipelineActionRole7DA0A42F",
                    "Arn",
                  ],
                },
                "RunOrder": 1,
              },
            ],
            "Name": "Build",
          },
        ],
      },
      "Type": "AWS::CodePipeline::Pipeline",
    },
    "ApplicationPipelineArtifactsBucketD6B45A16": {
      "DeletionPolicy": "Retain",
      "Properties": {
        "BucketEncryption": {
          "ServerSideEncryptionConfiguration": [
            {
              "ServerSideEncryptionByDefault": {
                "KMSMasterKeyID": {
                  "Fn::GetAtt": [
                    "ApplicationPipelineArtifactsBucketEncryptionKeyD6D77834",
                    "Arn",
                  ],
                },
                "SSEAlgorithm": "aws:kms",
              },
            },
          ],
        },
        "PublicAccessBlockConfiguration": {
          "BlockPublicAcls": true,
          "BlockPublicPolicy": true,
          "IgnorePublicAcls": true,
          "RestrictPublicBuckets": true,
        },
      },
      "Type": "AWS::S3::Bucket",
      "UpdateReplacePolicy": "Retain",
    },
    "ApplicationPipelineArtifactsBucketEncryptionKeyAliasF37F2519": {
      "DeletionPolicy": "Delete",
      "Properties": {
        "AliasName": "alias/codepipeline-testapplicationpipeline676b7a1a",
        "TargetKeyId": {
          "Fn::GetAtt": [
            "ApplicationPipelineArtifactsBucketEncryptionKeyD6D77834",
            "Arn",
          ],
        },
      },
      "Type": "AWS::KMS::Alias",
      "UpdateReplacePolicy": "Delete",
    },
    "ApplicationPipelineArtifactsBucketEncryptionKeyD6D77834": {
      "DeletionPolicy": "Delete",
      "Metadata": {
        "cdk_nag": {
          "rules_to_suppress": [
            {
              "id": "AwsSolutions-KMS5",
              "reason": "This key is used for the artifact bucket.",
            },
          ],
        },
      },
      "Properties": {
        "KeyPolicy": {
          "Statement": [
            {
              "Action": "kms:*",
              "Effect": "Allow",
              "Principal": {
                "AWS": {
                  "Fn::Join": [
                    "",
                    [
                      "arn:",
                      {
                        "Ref": "AWS::Partition",
                      },
                      ":iam::example-account:root",
                    ],
                  ],
                },
              },
              "Resource": "*",
            },
          ],
          "Version": "2012-10-17",
        },
      },
      "Type": "AWS::KMS::Key",
      "UpdateReplacePolicy": "Delete",
    },
    "ApplicationPipelineArtifactsBucketPolicy0F22EB48": {
      "Properties": {
        "Bucket": {
          "Ref": "ApplicationPipelineArtifactsBucketD6B45A16",
        },
        "PolicyDocument": {
          "Statement": [
            {
              "Action": "s3:*",
              "Condition": {
                "Bool": {
                  "aws:SecureTransport": "false",
                },
              },
              "Effect": "Deny",
              "Principal": {
                "AWS": "*",
              },
              "Resource": [
                {
                  "Fn::GetAtt": [
                    "ApplicationPipelineArtifactsBucketD6B45A16",
                    "Arn",
                  ],
                },
                {
                  "Fn::Join": [
                    "",
                    [
                      {
                        "Fn::GetAtt": [
                          "ApplicationPipelineArtifactsBucketD6B45A16",
                          "Arn",
                        ],
                      },
                      "/*",
                    ],
                  ],
                },
              ],
            },
          ],
          "Version": "2012-10-17",
        },
      },
      "Type": "AWS::S3::BucketPolicy",
    },
    "ApplicationPipelineBuildDockerBuildCodePipelineActionRole7DA0A42F": {
      "Properties": {
        "AssumeRolePolicyDocument": {
          "Statement": [
            {
              "Action": "sts:AssumeRole",
              "Effect": "Allow",
              "Principal": {
                "AWS": {
                  "Fn::Join": [
                    "",
                    [
                      "arn:",
                      {
                        "Ref": "AWS::Partition",
                      },
                      ":iam::example-account:root",
                    ],
                  ],
                },
              },
            },
          ],
          "Version": "2012-10-17",
        },
      },
      "Type": "AWS::IAM::Role",
    },
    "ApplicationPipelineBuildDockerBuildCodePipelineActionRoleDefaultPolicyA88B4868": {
      "Properties": {
        "PolicyDocument": {
          "Statement": [
            {
              "Action": [
                "codebuild:BatchGetBuilds",
                "codebuild:StartBuild",
                "codebuild:StopBuild",
              ],
              "Effect": "Allow",
              "Resource": {
                "Fn::GetAtt": [
                  "DockerBuildProject52E5CDF6",
                  "Arn",
                ],
              },
            },
          ],
          "Version": "2012-10-17",
        },
        "PolicyName": "ApplicationPipelineBuildDockerBuildCodePipelineActionRoleDefaultPolicyA88B4868",
        "Roles": [
          {
            "Ref": "ApplicationPipelineBuildDockerBuildCodePipelineActionRole7DA0A42F",
          },
        ],
      },
      "Type": "AWS::IAM::Policy",
    },
    "ApplicationPipelineRoleADFF393B": {
      "Properties": {
        "AssumeRolePolicyDocument": {
          "Statement": [
            {
              "Action": "sts:AssumeRole",
              "Effect": "Allow",
              "Principal": {
                "Service": "codepipeline.amazonaws.com",
              },
            },
          ],
          "Version": "2012-10-17",
        },
      },
      "Type": "AWS::IAM::Role",
    },
    "ApplicationPipelineRoleDefaultPolicyCADAF9C3": {
      "Properties": {
        "PolicyDocument": {
          "Statement": [
            {
              "Action": [
                "s3:GetObject*",
                "s3:GetBucket*",
                "s3:List*",
                "s3:DeleteObject*",
                "s3:PutObject",
                "s3:PutObjectLegalHold",
                "s3:PutObjectRetention",
                "s3:PutObjectTagging",
                "s3:PutObjectVersionTagging",
                "s3:Abort*",
              ],
              "Effect": "Allow",
              "Resource": [
                {
                  "Fn::GetAtt": [
                    "ApplicationPipelineArtifactsBucketD6B45A16",
                    "Arn",
                  ],
                },
                {
                  "Fn::Join": [
                    "",
                    [
                      {
                        "Fn::GetAtt": [
                          "ApplicationPipelineArtifactsBucketD6B45A16",
                          "Arn",
                        ],
                      },
                      "/*",
                    ],
                  ],
                },
              ],
            },
            {
              "Action": [
                "kms:Decrypt",
                "kms:DescribeKey",
                "kms:Encrypt",
                "kms:ReEncrypt*",
                "kms:GenerateDataKey*",
              ],
              "Effect": "Allow",
              "Resource": {
                "Fn::GetAtt": [
                  "ApplicationPipelineArtifactsBucketEncryptionKeyD6D77834",
                  "Arn",
                ],
              },
            },
            {
              "Action": "sts:AssumeRole",
              "Effect": "Allow",
              "Resource": {
                "Fn::GetAtt": [
                  "ApplicationPipelineSourceGitHubSourceCodePipelineActionRoleE89A168C",
                  "Arn",
                ],
              },
            },
            {
              "Action": "sts:AssumeRole",
              "Effect": "Allow",
              "Resource": {
                "Fn::GetAtt": [
                  "ApplicationPipelineBuildDockerBuildCodePipelineActionRole7DA0A42F",
                  "Arn",
                ],
              },
            },
          ],
          "Version": "2012-10-17",
        },
        "PolicyName": "ApplicationPipelineRoleDefaultPolicyCADAF9C3",
        "Roles": [
          {
            "Ref": "ApplicationPipelineRoleADFF393B",
          },
        ],
      },
      "Type": "AWS::IAM::Policy",
    },
    "ApplicationPipelineSourceGitHubSourceCodePipelineActionRoleDefaultPolicy6ECA3CD7": {
      "Properties": {
        "PolicyDocument": {
          "Statement": [
            {
              "Action": "codestar-connections:UseConnection",
              "Effect": "Allow",
              "Resource": "aws_codeconections_arn",
            },
            {
              "Action": [
                "s3:GetObject*",
                "s3:GetBucket*",
                "s3:List*",
                "s3:DeleteObject*",
                "s3:PutObject",
                "s3:PutObjectLegalHold",
                "s3:PutObjectRetention",
                "s3:PutObjectTagging",
                "s3:PutObjectVersionTagging",
                "s3:Abort*",
              ],
              "Effect": "Allow",
              "Resource": [
                {
                  "Fn::GetAtt": [
                    "ApplicationPipelineArtifactsBucketD6B45A16",
                    "Arn",
                  ],
                },
                {
                  "Fn::Join": [
                    "",
                    [
                      {
                        "Fn::GetAtt": [
                          "ApplicationPipelineArtifactsBucketD6B45A16",
                          "Arn",
                        ],
                      },
                      "/*",
                    ],
                  ],
                },
              ],
            },
            {
              "Action": [
                "kms:Decrypt",
                "kms:DescribeKey",
                "kms:Encrypt",
                "kms:ReEncrypt*",
                "kms:GenerateDataKey*",
              ],
              "Effect": "Allow",
              "Resource": {
                "Fn::GetAtt": [
                  "ApplicationPipelineArtifactsBucketEncryptionKeyD6D77834",
                  "Arn",
                ],
              },
            },
            {
              "Action": [
                "s3:PutObjectAcl",
                "s3:PutObjectVersionAcl",
              ],
              "Effect": "Allow",
              "Resource": {
                "Fn::Join": [
                  "",
                  [
                    {
                      "Fn::GetAtt": [
                        "ApplicationPipelineArtifactsBucketD6B45A16",
                        "Arn",
                      ],
                    },
                    "/*",
                  ],
                ],
              },
            },
          ],
          "Version": "2012-10-17",
        },
        "PolicyName": "ApplicationPipelineSourceGitHubSourceCodePipelineActionRoleDefaultPolicy6ECA3CD7",
        "Roles": [
          {
            "Ref": "ApplicationPipelineSourceGitHubSourceCodePipelineActionRoleE89A168C",
          },
        ],
      },
      "Type": "AWS::IAM::Policy",
    },
    "ApplicationPipelineSourceGitHubSourceCodePipelineActionRoleE89A168C": {
      "Properties": {
        "AssumeRolePolicyDocument": {
          "Statement": [
            {
              "Action": "sts:AssumeRole",
              "Effect": "Allow",
              "Principal": {
                "AWS": {
                  "Fn::Join": [
                    "",
                    [
                      "arn:",
                      {
                        "Ref": "AWS::Partition",
                      },
                      ":iam::example-account:root",
                    ],
                  ],
                },
              },
            },
          ],
          "Version": "2012-10-17",
        },
      },
      "Type": "AWS::IAM::Role",
    },
    "CodeBuildRole728CBADE": {
      "Properties": {
        "AssumeRolePolicyDocument": {
          "Statement": [
            {
              "Action": "sts:AssumeRole",
              "Effect": "Allow",
              "Principal": {
                "Service": "codebuild.amazonaws.com",
              },
            },
          ],
          "Version": "2012-10-17",
        },
        "ManagedPolicyArns": [
          {
            "Fn::Join": [
              "",
              [
                "arn:",
                {
                  "Ref": "AWS::Partition",
                },
                ":iam::aws:policy/AmazonS3ReadOnlyAccess",
              ],
            ],
          },
          {
            "Fn::Join": [
              "",
              [
                "arn:",
                {
                  "Ref": "AWS::Partition",
                },
                ":iam::aws:policy/AmazonEC2ContainerRegistryPowerUser",
              ],
            ],
          },
          {
            "Fn::Join": [
              "",
              [
                "arn:",
                {
                  "Ref": "AWS::Partition",
                },
                ":iam::aws:policy/CloudWatchLogsFullAccess",
              ],
            ],
          },
        ],
      },
      "Type": "AWS::IAM::Role",
    },
    "CodeBuildRoleDefaultPolicy829527DE": {
      "Properties": {
        "PolicyDocument": {
          "Statement": [
            {
              "Action": [
                "logs:CreateLogGroup",
                "logs:CreateLogStream",
                "logs:PutLogEvents",
              ],
              "Effect": "Allow",
              "Resource": [
                {
                  "Fn::Join": [
                    "",
                    [
                      "arn:",
                      {
                        "Ref": "AWS::Partition",
                      },
                      ":logs:example-region:example-account:log-group:/aws/codebuild/",
                      {
                        "Ref": "DockerBuildProject52E5CDF6",
                      },
                    ],
                  ],
                },
                {
                  "Fn::Join": [
                    "",
                    [
                      "arn:",
                      {
                        "Ref": "AWS::Partition",
                      },
                      ":logs:example-region:example-account:log-group:/aws/codebuild/",
                      {
                        "Ref": "DockerBuildProject52E5CDF6",
                      },
                      ":*",
                    ],
                  ],
                },
              ],
            },
            {
              "Action": [
                "codebuild:CreateReportGroup",
                "codebuild:CreateReport",
                "codebuild:UpdateReport",
                "codebuild:BatchPutTestCases",
                "codebuild:BatchPutCodeCoverages",
              ],
              "Effect": "Allow",
              "Resource": {
                "Fn::Join": [
                  "",
                  [
                    "arn:",
                    {
                      "Ref": "AWS::Partition",
                    },
                    ":codebuild:example-region:example-account:report-group/",
                    {
                      "Ref": "DockerBuildProject52E5CDF6",
                    },
                    "-*",
                  ],
                ],
              },
            },
            {
              "Action": [
                "s3:GetObject*",
                "s3:GetBucket*",
                "s3:List*",
                "s3:DeleteObject*",
                "s3:PutObject",
                "s3:PutObjectLegalHold",
                "s3:PutObjectRetention",
                "s3:PutObjectTagging",
                "s3:PutObjectVersionTagging",
                "s3:Abort*",
              ],
              "Effect": "Allow",
              "Resource": [
                {
                  "Fn::GetAtt": [
                    "ApplicationPipelineArtifactsBucketD6B45A16",
                    "Arn",
                  ],
                },
                {
                  "Fn::Join": [
                    "",
                    [
                      {
                        "Fn::GetAtt": [
                          "ApplicationPipelineArtifactsBucketD6B45A16",
                          "Arn",
                        ],
                      },
                      "/*",
                    ],
                  ],
                },
              ],
            },
            {
              "Action": [
                "kms:Decrypt",
                "kms:DescribeKey",
                "kms:Encrypt",
                "kms:ReEncrypt*",
                "kms:GenerateDataKey*",
              ],
              "Effect": "Allow",
              "Resource": {
                "Fn::GetAtt": [
                  "ApplicationPipelineArtifactsBucketEncryptionKeyD6D77834",
                  "Arn",
                ],
              },
            },
            {
              "Action": [
                "kms:Decrypt",
                "kms:Encrypt",
                "kms:ReEncrypt*",
                "kms:GenerateDataKey*",
              ],
              "Effect": "Allow",
              "Resource": {
                "Fn::GetAtt": [
                  "ApplicationPipelineArtifactsBucketEncryptionKeyD6D77834",
                  "Arn",
                ],
              },
            },
          ],
          "Version": "2012-10-17",
        },
        "PolicyName": "CodeBuildRoleDefaultPolicy829527DE",
        "Roles": [
          {
            "Ref": "CodeBuildRole728CBADE",
          },
        ],
      },
      "Type": "AWS::IAM::Policy",
    },
    "DockerBuildProject52E5CDF6": {
      "Properties": {
        "Artifacts": {
          "Type": "CODEPIPELINE",
        },
        "Cache": {
          "Modes": [
            "LOCAL_DOCKER_LAYER_CACHE",
          ],
          "Type": "LOCAL",
        },
        "EncryptionKey": {
          "Fn::GetAtt": [
            "ApplicationPipelineArtifactsBucketEncryptionKeyD6D77834",
            "Arn",
          ],
        },
        "Environment": {
          "ComputeType": "BUILD_GENERAL1_SMALL",
          "EnvironmentVariables": [
            {
              "Name": "AWS_ACCOUNT_ID",
              "Type": "PLAINTEXT",
              "Value": "example-account",
            },
            {
              "Name": "AWS_DEFAULT_REGION",
              "Type": "PLAINTEXT",
              "Value": "example-region",
            },
            {
              "Name": "IMAGE_REPO_NAME",
              "Type": "PLAINTEXT",
              "Value": "my-ecr-repo",
            },
            {
              "Name": "IMAGE_TAG",
              "Type": "PLAINTEXT",
              "Value": "latest",
            },
          ],
          "Image": "aws/codebuild/amazonlinux2-x86_64-standard:5.0",
          "ImagePullCredentialsType": "CODEBUILD",
          "PrivilegedMode": true,
          "Type": "LINUX_CONTAINER",
        },
        "ServiceRole": {
          "Fn::GetAtt": [
            "CodeBuildRole728CBADE",
            "Arn",
          ],
        },
        "Source": {
          "BuildSpec": "{
  "version": "0.2",
  "phases": {
    "pre_build": {
      "commands": [
        "aws ecr get-login-password --region $AWS_DEFAULT_REGION | docker login --username AWS --password-stdin $AWS_ACCOUNT_ID.dkr.ecr.$AWS_DEFAULT_REGION.amazonaws.com"
      ]
    },
    "build": {
      "commands": [
        "docker build -t $IMAGE_REPO_NAME:$IMAGE_TAG app",
        "docker tag $IMAGE_REPO_NAME:$IMAGE_TAG $AWS_ACCOUNT_ID.dkr.ecr.$AWS_DEFAULT_REGION.amazonaws.com/$IMAGE_REPO_NAME:$IMAGE_TAG"
      ]
    },
    "post_build": {
      "commands": [
        "docker push $AWS_ACCOUNT_ID.dkr.ecr.$AWS_DEFAULT_REGION.amazonaws.com/$IMAGE_REPO_NAME:$IMAGE_TAG"
      ]
    }
  }
}",
          "Type": "CODEPIPELINE",
        },
      },
      "Type": "AWS::CodeBuild::Project",
    },
    "ECRRepositoryF3A3832E": {
      "DeletionPolicy": "Retain",
      "Properties": {
        "RepositoryName": "my-ecr-repo",
      },
      "Type": "AWS::ECR::Repository",
      "UpdateReplacePolicy": "Retain",
    },
  },
  "Rules": {
    "CheckBootstrapVersion": {
      "Assertions": [
        {
          "Assert": {
            "Fn::Not": [
              {
                "Fn::Contains": [
                  [
                    "1",
                    "2",
                    "3",
                    "4",
                    "5",
                  ],
                  {
                    "Ref": "BootstrapVersion",
                  },
                ],
              },
            ],
          },
          "AssertDescription": "CDK bootstrap stack version 6 required. Please run 'cdk bootstrap' with a recent version of the CDK CLI.",
        },
      ],
    },
  },
}
`;
